// Jest Snapshot v1, https://goo.gl/fbAQLP

exports[`utils updateFunctionalComponent should update the right way 1`] = `
"const fakeComponent = () => {
  return <div>hello</div>;
};"
`;

exports[`utils updateFunctionalComponent should wrap variable declaration with memo 1`] = `
"const fakeComponent = () => {
  return <div>hello</div>;
};"
`;

exports[`utils updateReactImportNode should add named export to react default export 1`] = `"import React, { memo } from 'react';"`;

exports[`utils updateReactImportNode should extend named exports 1`] = `"import React, { Component, Foo, memo } from 'react';"`;
